******************************************************************************
                  MSP430 Linker PC v4.1.5                      
******************************************************************************
>> Linked Mon Aug 15 16:25:48 2016

OUTPUT FILE NAME:   <JLX12864_Driver.out>
ENTRY POINT SYMBOL: "_c_int00"  address: 0000cbc6


MEMORY CONFIGURATION

         name            origin    length      used     unused   attr    fill
----------------------  --------  ---------  --------  --------  ----  --------
  SFR                   00000000   00000010  00000000  00000010  RWIX
  PERIPHERALS_8BIT      00000010   000000f0  00000000  000000f0  RWIX
  PERIPHERALS_16BIT     00000100   00000100  00000000  00000100  RWIX
  RAM                   00000200   00000200  00000065  0000019b  RWIX
  INFOD                 00001000   00000040  00000000  00000040  RWIX
  INFOC                 00001040   00000040  00000000  00000040  RWIX
  INFOB                 00001080   00000040  00000000  00000040  RWIX
  INFOA                 000010c0   00000040  00000000  00000040  RWIX
  FLASH                 0000c000   00003fe0  00000eb4  0000312c  RWIX
  INT00                 0000ffe0   00000002  00000000  00000002  RWIX
  INT01                 0000ffe2   00000002  00000000  00000002  RWIX
  INT02                 0000ffe4   00000002  00000002  00000000  RWIX
  INT03                 0000ffe6   00000002  00000002  00000000  RWIX
  INT04                 0000ffe8   00000002  00000000  00000002  RWIX
  INT05                 0000ffea   00000002  00000000  00000002  RWIX
  INT06                 0000ffec   00000002  00000000  00000002  RWIX
  INT07                 0000ffee   00000002  00000000  00000002  RWIX
  INT08                 0000fff0   00000002  00000000  00000002  RWIX
  INT09                 0000fff2   00000002  00000000  00000002  RWIX
  INT10                 0000fff4   00000002  00000000  00000002  RWIX
  INT11                 0000fff6   00000002  00000000  00000002  RWIX
  INT12                 0000fff8   00000002  00000000  00000002  RWIX
  INT13                 0000fffa   00000002  00000000  00000002  RWIX
  INT14                 0000fffc   00000002  00000000  00000002  RWIX
  RESET                 0000fffe   00000002  00000002  00000000  RWIX


SECTION ALLOCATION MAP

 output                                  attributes/
section   page    origin      length       input sections
--------  ----  ----------  ----------   ----------------
.init_array 
*          0    0000c000    00000000     UNINITIALIZED

.data      0    00000200    00000015     
                  00000200    00000009     SI4730.obj (.data)
                  00000209    00000001     --HOLE--
                  0000020a    00000008     SI4730.obj (.data:uiReceiveDataBuffer)
                  00000212    00000003     main.obj (.data)

.TI.persistent 
*          0    00000200    00000000     UNINITIALIZED

.stack     0    000003b0    00000050     UNINITIALIZED
                  000003b0    00000002     rts430_eabi.lib : boot.obj (.stack)
                  000003b2    0000004e     --HOLE--

.text      0    0000c000    00000c4e     
                  0000c000    00000266     SI4730.obj (.text:OperationSi47XX_2w)
                  0000c266    000000d8     main.obj (.text:main)
                  0000c33e    0000008a     main.obj (.text:Port_2)
                  0000c3c8    00000082     lcd.obj (.text:DispDec67At)
                  0000c44a    0000007a     lcd.obj (.text:Lcd_Init)
                  0000c4c4    00000068     SI4730.obj (.text:Si4730_Power_Up_FM_AM_Choose)
                  0000c52c    0000005e     rts430_eabi.lib : copy_decompress_rle.obj (.text:__TI_decompress_rle_core)
                  0000c58a    0000005e                     : autoinit.obj (.text:_auto_init)
                  0000c5e8    00000058     SI4730.obj (.text:ResetSi47XX_2w)
                  0000c640    00000058     rts430_eabi.lib : div32u.obj (.text)
                  0000c698    00000054     main.obj (.text:Port_1)
                  0000c6ec    00000052     lcd.obj (.text:DispString67At)
                  0000c73e    0000004c     SI4730.obj (.text:SI4730_GET_FRE)
                  0000c78a    0000004c     rts430_eabi.lib : lsr16.obj (.text)
                  0000c7d6    0000004a     SI4730.obj (.text:Operation_Si4730_Write)
                  0000c820    0000004a     SI4730.obj (.text:Si4730_start)
                  0000c86a    0000004a     SI4730.obj (.text:Si4730_stop)
                  0000c8b4    00000044     SI4730.obj (.text:Si4730_ack)
                  0000c8f8    00000042     SI4730.obj (.text:Si4730_writebyte)
                  0000c93a    00000040     lcd.obj (.text:lcd_clear)
                  0000c97a    00000040     rts430_eabi.lib : div32s.obj (.text)
                  0000c9ba    0000003e     key4.obj (.text:Key4_init)
                  0000c9f8    0000003e     SI4730.obj (.text:Search_AM)
                  0000ca36    0000003e     SI4730.obj (.text:Search_FM)
                  0000ca74    00000030     SI4730.obj (.text:Si4730_Tune_AM)
                  0000caa4    0000002e     lcd.obj (.text:disp_graph_6x7)
                  0000cad2    0000002c     SI4730.obj (.text:Si4730_Tune)
                  0000cafe    0000002c     rts430_eabi.lib : lsl16.obj (.text)
                  0000cb2a    0000002c     lcd.obj (.text:wr_cmd)
                  0000cb56    0000002c     lcd.obj (.text:wr_dat)
                  0000cb82    00000024     lcd.obj (.text:lcd_addr)
                  0000cba6    00000020     SI4730.obj (.text:SI4730_GPIO_INIT)
                  0000cbc6    0000001a     rts430_eabi.lib : boot.obj (.text:_c_int00_noexit)
                  0000cbe0    00000018     SI4730.obj (.text:Si4730_auto_seek)
                  0000cbf8    00000014     rts430_eabi.lib : mult16.obj (.text)
                  0000cc0c    00000012                     : copy_decompress_none.obj (.text:decompress:none:__TI_decompress_none)
                  0000cc1e    00000012                     : memcpy.obj (.text:memcpy)
                  0000cc30    00000010                     : epilog.obj (.text)
                  0000cc40    00000006                     : copy_decompress_rle.obj (.text:decompress:rle24:__TI_decompress_rle24)
                  0000cc46    00000004                     : pre_init.obj (.text:_system_pre_init)
                  0000cc4a    00000004                     : exit.obj (.text:abort)

.const     0    0000cc4e    0000024e     
                  0000cc4e    00000240     lcd.obj (.const:ASCII6_7)
                  0000ce8e    00000008     main.obj (.const:.string)
                  0000ce96    00000003     SI4730.obj (.const:.string:$P$T0$1)
                  0000ce99    00000001     --HOLE-- [fill = 0]
                  0000ce9a    00000002     SI4730.obj (.const:.string:$P$T1$2)

.cinit     0    0000ce9c    00000018     
                  0000ce9c    00000010     (.cinit..data.load) [load image, compression = rle]
                  0000ceac    00000004     (__TI_handler_table)
                  0000ceb0    00000004     (__TI_cinit_table)

PORT1      0    0000ffe4    00000002     
                  0000ffe4    00000002     main.obj (.int02)

PORT2      0    0000ffe6    00000002     
                  0000ffe6    00000002     main.obj (.int03)

.reset     0    0000fffe    00000002     
                  0000fffe    00000002     rts430_eabi.lib : boot.obj (.reset)


LINKER GENERATED COPY TABLES

__TI_cinit_table @ 0000ceb0 records: 1, size/record: 4, table size: 4
	.data: load addr=0000ce9c, load size=00000010 bytes, run addr=00000200, run size=00000015 bytes, compression=rle


LINKER GENERATED HANDLER TABLE

__TI_handler_table @ 0000ceac records: 2, size/record: 2, table size: 4
	index: 0, handler: __TI_decompress_rle24
	index: 1, handler: __TI_decompress_none


GLOBAL SYMBOLS: SORTED ALPHABETICALLY BY Name 

address    name
--------   ----
0000004a   ADC10AE0
000001b0   ADC10CTL0
000001b2   ADC10CTL1
00000048   ADC10DTC0
00000049   ADC10DTC1
000001b4   ADC10MEM
000001bc   ADC10SA
0000cc4e   ASCII6_7
00000057   BCSCTL1
00000058   BCSCTL2
00000053   BCSCTL3
0000cc4a   C$$EXIT
00000059   CACTL1
0000005a   CACTL2
000010fb   CALBC1_12MHZ
000010f9   CALBC1_16MHZ
000010ff   CALBC1_1MHZ
000010fd   CALBC1_8MHZ
000010fa   CALDCO_12MHZ
000010f8   CALDCO_16MHZ
000010fe   CALDCO_1MHZ
000010fc   CALDCO_8MHZ
0000005b   CAPD
00000056   DCOCTL
0000c3c8   DispDec67At
0000c6ec   DispString67At
00000128   FCTL1
0000012a   FCTL2
0000012c   FCTL3
00000207   FM_AM_
00000202   Frequency_am
00000200   Frequency_fm
00000000   IE1
00000001   IE2
00000002   IFG1
00000003   IFG2
0000c9ba   Key4_init
0000c44a   Lcd_Init
00000206   Mode
0000c000   OperationSi47XX_2w
0000c7d6   Operation_Si4730_Write
00000022   P1DIR
00000025   P1IE
00000024   P1IES
00000023   P1IFG
00000020   P1IN
00000021   P1OUT
00000027   P1REN
00000026   P1SEL
00000041   P1SEL2
0000002a   P2DIR
0000002d   P2IE
0000002c   P2IES
0000002b   P2IFG
00000028   P2IN
00000029   P2OUT
0000002f   P2REN
0000002e   P2SEL
00000042   P2SEL2
0000001a   P3DIR
00000018   P3IN
00000019   P3OUT
00000010   P3REN
0000001b   P3SEL
00000043   P3SEL2
0000c698   Port_1
0000c33e   Port_2
0000c5e8   ResetSi47XX_2w
0000c73e   SI4730_GET_FRE
0000cba6   SI4730_GPIO_INIT
0000c9f8   Search_AM
0000ca36   Search_FM
0000c4c4   Si4730_Power_Up_FM_AM_Choose
0000cad2   Si4730_Tune
0000ca74   Si4730_Tune_AM
0000c8b4   Si4730_ack
0000cbe0   Si4730_auto_seek
0000c820   Si4730_start
0000c86a   Si4730_stop
0000c8f8   Si4730_writebyte
00000172   TA0CCR0
00000174   TA0CCR1
00000176   TA0CCR2
00000162   TA0CCTL0
00000164   TA0CCTL1
00000166   TA0CCTL2
00000160   TA0CTL
0000012e   TA0IV
00000170   TA0R
00000192   TA1CCR0
00000194   TA1CCR1
00000196   TA1CCR2
00000182   TA1CCTL0
00000184   TA1CCTL1
00000186   TA1CCTL2
00000180   TA1CTL
0000011e   TA1IV
00000190   TA1R
0000005d   UCA0ABCTL
00000062   UCA0BR0
00000063   UCA0BR1
00000060   UCA0CTL0
00000061   UCA0CTL1
0000005f   UCA0IRRCTL
0000005e   UCA0IRTCTL
00000064   UCA0MCTL
00000066   UCA0RXBUF
00000065   UCA0STAT
00000067   UCA0TXBUF
0000006a   UCB0BR0
0000006b   UCB0BR1
00000068   UCB0CTL0
00000069   UCB0CTL1
0000006c   UCB0I2CIE
00000118   UCB0I2COA
0000011a   UCB0I2CSA
0000006e   UCB0RXBUF
0000006d   UCB0STAT
0000006f   UCB0TXBUF
00000120   WDTCTL
00000400   __STACK_END
00000050   __STACK_SIZE
0000ceb0   __TI_CINIT_Base
0000ceb4   __TI_CINIT_Limit
0000ceac   __TI_Handler_Table_Base
0000ceb0   __TI_Handler_Table_Limit
UNDEFED    __TI_INITARRAY_Base
UNDEFED    __TI_INITARRAY_Limit
00000001   __TI_args_main
0000cc0c   __TI_decompress_none
0000cc40   __TI_decompress_rle24
00000001   __TI_exit
ffffffff   __binit__
ffffffff   __c_args__
0000c97a   __mspabi_divli
0000c640   __mspabi_divul
0000cc3c   __mspabi_func_epilog_1
0000cc3a   __mspabi_func_epilog_2
0000cc38   __mspabi_func_epilog_3
0000cc36   __mspabi_func_epilog_4
0000cc34   __mspabi_func_epilog_5
0000cc32   __mspabi_func_epilog_6
0000cc30   __mspabi_func_epilog_7
0000cbf8   __mspabi_mpyi
0000c97a   __mspabi_remli
0000c640   __mspabi_remul
0000cafe   __mspabi_slli
0000cb26   __mspabi_slli_1
0000cb14   __mspabi_slli_10
0000cb12   __mspabi_slli_11
0000cb10   __mspabi_slli_12
0000cb0e   __mspabi_slli_13
0000cb0c   __mspabi_slli_14
0000cb0a   __mspabi_slli_15
0000cb24   __mspabi_slli_2
0000cb22   __mspabi_slli_3
0000cb20   __mspabi_slli_4
0000cb1e   __mspabi_slli_5
0000cb1c   __mspabi_slli_6
0000cb1a   __mspabi_slli_7
0000cb18   __mspabi_slli_8
0000cb16   __mspabi_slli_9
0000c78a   __mspabi_srli
0000c7d0   __mspabi_srli_1
0000c7ac   __mspabi_srli_10
0000c7a8   __mspabi_srli_11
0000c7a4   __mspabi_srli_12
0000c7a0   __mspabi_srli_13
0000c79c   __mspabi_srli_14
0000c798   __mspabi_srli_15
0000c7cc   __mspabi_srli_2
0000c7c8   __mspabi_srli_3
0000c7c4   __mspabi_srli_4
0000c7c0   __mspabi_srli_5
0000c7bc   __mspabi_srli_6
0000c7b8   __mspabi_srli_7
0000c7b4   __mspabi_srli_8
0000c7b0   __mspabi_srli_9
0000c58a   _auto_init
0000cbc6   _c_int00
0000cbc6   _c_int00_noexit
0000fffe   _reset_vector
000003b0   _stack
0000cc46   _system_pre_init
0000cc4a   abort
00000214   autoflag
ffffffff   binit
0000caa4   disp_graph_6x7
00000213   dwflag
0000cb82   lcd_addr
0000c93a   lcd_clear
0000c266   main
0000cc1e   memcpy
00000208   pass_one
00000204   read_buff
0000020a   uiReceiveDataBuffer
00000212   upflag
0000cb2a   wr_cmd
0000cb56   wr_dat


GLOBAL SYMBOLS: SORTED BY Symbol Address 

address    name
--------   ----
00000000   IE1
00000001   IE2
00000001   __TI_args_main
00000001   __TI_exit
00000002   IFG1
00000003   IFG2
00000010   P3REN
00000018   P3IN
00000019   P3OUT
0000001a   P3DIR
0000001b   P3SEL
00000020   P1IN
00000021   P1OUT
00000022   P1DIR
00000023   P1IFG
00000024   P1IES
00000025   P1IE
00000026   P1SEL
00000027   P1REN
00000028   P2IN
00000029   P2OUT
0000002a   P2DIR
0000002b   P2IFG
0000002c   P2IES
0000002d   P2IE
0000002e   P2SEL
0000002f   P2REN
00000041   P1SEL2
00000042   P2SEL2
00000043   P3SEL2
00000048   ADC10DTC0
00000049   ADC10DTC1
0000004a   ADC10AE0
00000050   __STACK_SIZE
00000053   BCSCTL3
00000056   DCOCTL
00000057   BCSCTL1
00000058   BCSCTL2
00000059   CACTL1
0000005a   CACTL2
0000005b   CAPD
0000005d   UCA0ABCTL
0000005e   UCA0IRTCTL
0000005f   UCA0IRRCTL
00000060   UCA0CTL0
00000061   UCA0CTL1
00000062   UCA0BR0
00000063   UCA0BR1
00000064   UCA0MCTL
00000065   UCA0STAT
00000066   UCA0RXBUF
00000067   UCA0TXBUF
00000068   UCB0CTL0
00000069   UCB0CTL1
0000006a   UCB0BR0
0000006b   UCB0BR1
0000006c   UCB0I2CIE
0000006d   UCB0STAT
0000006e   UCB0RXBUF
0000006f   UCB0TXBUF
00000118   UCB0I2COA
0000011a   UCB0I2CSA
0000011e   TA1IV
00000120   WDTCTL
00000128   FCTL1
0000012a   FCTL2
0000012c   FCTL3
0000012e   TA0IV
00000160   TA0CTL
00000162   TA0CCTL0
00000164   TA0CCTL1
00000166   TA0CCTL2
00000170   TA0R
00000172   TA0CCR0
00000174   TA0CCR1
00000176   TA0CCR2
00000180   TA1CTL
00000182   TA1CCTL0
00000184   TA1CCTL1
00000186   TA1CCTL2
00000190   TA1R
00000192   TA1CCR0
00000194   TA1CCR1
00000196   TA1CCR2
000001b0   ADC10CTL0
000001b2   ADC10CTL1
000001b4   ADC10MEM
000001bc   ADC10SA
00000200   Frequency_fm
00000202   Frequency_am
00000204   read_buff
00000206   Mode
00000207   FM_AM_
00000208   pass_one
0000020a   uiReceiveDataBuffer
00000212   upflag
00000213   dwflag
00000214   autoflag
000003b0   _stack
00000400   __STACK_END
000010f8   CALDCO_16MHZ
000010f9   CALBC1_16MHZ
000010fa   CALDCO_12MHZ
000010fb   CALBC1_12MHZ
000010fc   CALDCO_8MHZ
000010fd   CALBC1_8MHZ
000010fe   CALDCO_1MHZ
000010ff   CALBC1_1MHZ
0000c000   OperationSi47XX_2w
0000c266   main
0000c33e   Port_2
0000c3c8   DispDec67At
0000c44a   Lcd_Init
0000c4c4   Si4730_Power_Up_FM_AM_Choose
0000c58a   _auto_init
0000c5e8   ResetSi47XX_2w
0000c640   __mspabi_divul
0000c640   __mspabi_remul
0000c698   Port_1
0000c6ec   DispString67At
0000c73e   SI4730_GET_FRE
0000c78a   __mspabi_srli
0000c798   __mspabi_srli_15
0000c79c   __mspabi_srli_14
0000c7a0   __mspabi_srli_13
0000c7a4   __mspabi_srli_12
0000c7a8   __mspabi_srli_11
0000c7ac   __mspabi_srli_10
0000c7b0   __mspabi_srli_9
0000c7b4   __mspabi_srli_8
0000c7b8   __mspabi_srli_7
0000c7bc   __mspabi_srli_6
0000c7c0   __mspabi_srli_5
0000c7c4   __mspabi_srli_4
0000c7c8   __mspabi_srli_3
0000c7cc   __mspabi_srli_2
0000c7d0   __mspabi_srli_1
0000c7d6   Operation_Si4730_Write
0000c820   Si4730_start
0000c86a   Si4730_stop
0000c8b4   Si4730_ack
0000c8f8   Si4730_writebyte
0000c93a   lcd_clear
0000c97a   __mspabi_divli
0000c97a   __mspabi_remli
0000c9ba   Key4_init
0000c9f8   Search_AM
0000ca36   Search_FM
0000ca74   Si4730_Tune_AM
0000caa4   disp_graph_6x7
0000cad2   Si4730_Tune
0000cafe   __mspabi_slli
0000cb0a   __mspabi_slli_15
0000cb0c   __mspabi_slli_14
0000cb0e   __mspabi_slli_13
0000cb10   __mspabi_slli_12
0000cb12   __mspabi_slli_11
0000cb14   __mspabi_slli_10
0000cb16   __mspabi_slli_9
0000cb18   __mspabi_slli_8
0000cb1a   __mspabi_slli_7
0000cb1c   __mspabi_slli_6
0000cb1e   __mspabi_slli_5
0000cb20   __mspabi_slli_4
0000cb22   __mspabi_slli_3
0000cb24   __mspabi_slli_2
0000cb26   __mspabi_slli_1
0000cb2a   wr_cmd
0000cb56   wr_dat
0000cb82   lcd_addr
0000cba6   SI4730_GPIO_INIT
0000cbc6   _c_int00
0000cbc6   _c_int00_noexit
0000cbe0   Si4730_auto_seek
0000cbf8   __mspabi_mpyi
0000cc0c   __TI_decompress_none
0000cc1e   memcpy
0000cc30   __mspabi_func_epilog_7
0000cc32   __mspabi_func_epilog_6
0000cc34   __mspabi_func_epilog_5
0000cc36   __mspabi_func_epilog_4
0000cc38   __mspabi_func_epilog_3
0000cc3a   __mspabi_func_epilog_2
0000cc3c   __mspabi_func_epilog_1
0000cc40   __TI_decompress_rle24
0000cc46   _system_pre_init
0000cc4a   C$$EXIT
0000cc4a   abort
0000cc4e   ASCII6_7
0000ceac   __TI_Handler_Table_Base
0000ceb0   __TI_CINIT_Base
0000ceb0   __TI_Handler_Table_Limit
0000ceb4   __TI_CINIT_Limit
0000fffe   _reset_vector
ffffffff   __binit__
ffffffff   __c_args__
ffffffff   binit
UNDEFED    __TI_INITARRAY_Base
UNDEFED    __TI_INITARRAY_Limit

[199 symbols]
